// Jest Snapshot v1, https://goo.gl/fbAQLP

exports[`pipeline_own_line.js format 1`] = `
====================================options=====================================
parsers: ["babel"]
printWidth: 80
                                                                                | printWidth
=====================================input======================================
function pipeline() {
	0
	// Comment
	|> x
}

bifornCringerMoshedPerplexSawder(
  askTrovenaBeenaDependsRowans,
  glimseGlyphsHazardNoopsTieTie,
  averredBathersBoxroomBuggyNurl
) // comment
|> kochabCooieGameOnOboleUnweave
|> glimseGlyphsHazardNoopsTieTie;

bifornCringerMoshedPerplexSawder(
  askTrovenaBeenaDependsRowans,
  glimseGlyphsHazardNoopsTieTie
)
|> foo // comment
|> kochabCooieGameOnOboleUnweave
|> glimseGlyphsHazardNoopsTieTie;

bifornCringerMoshedPerplexSawder[
  askTrovenaBeenaDependsRowans +
  glimseGlyphsHazardNoopsTieTie +
  averredBathersBoxroomBuggyNurl
] // comment
|> kochabCooieGameOnOboleUnweave
|> glimseGlyphsHazardNoopsTieTie;

bifornCringerMoshedPerplexSawder[
  askTrovenaBeenaDependsRowans +
  glimseGlyphsHazardNoopsTieTie +
  averredBathersBoxroomBuggyNurl
]
|> foo // comment
|> kochabCooieGameOnOboleUnweave
|> glimseGlyphsHazardNoopsTieTie;

=====================================output=====================================
function pipeline() {
  0 |>
    // Comment
    x;
}

bifornCringerMoshedPerplexSawder(
  askTrovenaBeenaDependsRowans,
  glimseGlyphsHazardNoopsTieTie,
  averredBathersBoxroomBuggyNurl
) // comment
  |> kochabCooieGameOnOboleUnweave
  |> glimseGlyphsHazardNoopsTieTie;

bifornCringerMoshedPerplexSawder(
  askTrovenaBeenaDependsRowans,
  glimseGlyphsHazardNoopsTieTie
)
  |> foo // comment
  |> kochabCooieGameOnOboleUnweave
  |> glimseGlyphsHazardNoopsTieTie;

bifornCringerMoshedPerplexSawder[
  askTrovenaBeenaDependsRowans +
    glimseGlyphsHazardNoopsTieTie +
    averredBathersBoxroomBuggyNurl
] // comment
  |> kochabCooieGameOnOboleUnweave
  |> glimseGlyphsHazardNoopsTieTie;

bifornCringerMoshedPerplexSawder[
  askTrovenaBeenaDependsRowans +
    glimseGlyphsHazardNoopsTieTie +
    averredBathersBoxroomBuggyNurl
]
  |> foo // comment
  |> kochabCooieGameOnOboleUnweave
  |> glimseGlyphsHazardNoopsTieTie;

================================================================================
`;
