// Jest Snapshot v1, https://goo.gl/fbAQLP

exports[`empty_generic_break.js 1`] = `
====================================options=====================================
parsers: ["flow", "babel"]
printWidth: 80
                                                                                | printWidth
=====================================input======================================
class X {
	a: B<> = SuperSuperSuperSuperSuperSuperSuperSuperSuperSuperSuperSuperSuperLong;
}

=====================================output=====================================
class X {
  a: B<> = SuperSuperSuperSuperSuperSuperSuperSuperSuperSuperSuperSuperSuperLong;
}

================================================================================
`;
