// Jest Snapshot v1, https://goo.gl/fbAQLP

exports[`require.js 1`] = `
====================================options=====================================
parsers: ["flow", "typescript"]
printWidth: 80
                                                                                | printWidth
=====================================input======================================
const { one, two, thee, four, five, six, seven, eight, nine, ten } = require('./my-utils');
const { one, two, thee, four, five, six, seven, eight, nine, ten, eleven } = require('./my-utils');

const MyReallyExtrememlyLongModuleName = require('MyReallyExtrememlyLongModuleName');

=====================================output=====================================
const {
  one,
  two,
  thee,
  four,
  five,
  six,
  seven,
  eight,
  nine,
  ten
} = require("./my-utils");
const {
  one,
  two,
  thee,
  four,
  five,
  six,
  seven,
  eight,
  nine,
  ten,
  eleven
} = require("./my-utils");

const MyReallyExtrememlyLongModuleName = require("MyReallyExtrememlyLongModuleName");

================================================================================
`;
