// Jest Snapshot v1, https://goo.gl/fbAQLP

exports[`trailing-comma.ts 1`] = `
====================================options=====================================
parsers: ["typescript"]
printWidth: 80
                                                                                | printWidth
=====================================input======================================
export interface ShopQueryResult {
  chic: boolean;
  location: number[];
  menus: Menu[];
  openingDays: number[];
  closingDays: [
    {
      from: string,
      to: string,
    }, // <== this one
  ];
  shop: string;
  distance: number;
}

=====================================output=====================================
export interface ShopQueryResult {
  chic: boolean;
  location: number[];
  menus: Menu[];
  openingDays: number[];
  closingDays: [
    {
      from: string;
      to: string;
    } // <== this one
  ];
  shop: string;
  distance: number;
}

================================================================================
`;

exports[`tuple.ts 1`] = `
====================================options=====================================
parsers: ["typescript"]
printWidth: 80
                                                                                | printWidth
=====================================input======================================

export type SCMRawResource = [
	number /*handle*/,
	string /*resourceUri*/,
	modes.Command /*command*/,
	string[] /*icons: light, dark*/,
	boolean /*strike through*/,
	boolean /*faded*/
];

=====================================output=====================================
export type SCMRawResource = [
  number /*handle*/,
  string /*resourceUri*/,
  modes.Command /*command*/,
  string[] /*icons: light, dark*/,
  boolean /*strike through*/,
  boolean /*faded*/
];

================================================================================
`;
