// Jest Snapshot v1, https://goo.gl/fbAQLP

exports[`test.js format 1`] = `
====================================options=====================================
parsers: ["babel", "flow", "typescript"]
printWidth: 80
                                                                                | printWidth
=====================================input======================================
/[/]\\/\\u0aBc/mgi;

=====================================output=====================================
/[/]\\/\\u0aBc/gim;

================================================================================
`;
