// Jest Snapshot v1, https://goo.gl/fbAQLP

exports[`inlining.ts 1`] = `
====================================options=====================================
parsers: ["typescript"]
printWidth: 80
                                                                                | printWidth
=====================================input======================================
interface RelayProps {
  articles: a | null,
}
interface RelayProps {
  articles: Array<{
    __id: string,
  } | null> | null | void,
}

type UploadState<E, EM, D>
  // The upload hasnt begun yet
  = {type: "Not_begun"}
  // The upload timed out
  | {type: "Timed_out"}
  // Failed somewhere on the line
  | {type: "Failed", error: E, errorMsg: EM}
  // Uploading to aws3 and CreatePostMutation succeeded
  | {type: "Success", data: D};

type UploadState<E, EM, D>
  // The upload hasnt begun yet
  = A
  // The upload timed out
  | B
  // Failed somewhere on the line
  | C
  // Uploading to aws3 and CreatePostMutation succeeded
  | D;

type window = Window & {
  __REDUX_DEVTOOLS_EXTENSION_COMPOSE__: Function;
};

=====================================output=====================================
interface RelayProps {
  articles: a | null;
}
interface RelayProps {
  articles: Array<{
    __id: string;
  } | null> | null | void;
}

type UploadState<E, EM, D> =
  // The upload hasnt begun yet
  | { type: "Not_begun" }
  // The upload timed out
  | { type: "Timed_out" }
  // Failed somewhere on the line
  | { type: "Failed"; error: E; errorMsg: EM }
  // Uploading to aws3 and CreatePostMutation succeeded
  | { type: "Success"; data: D };

type UploadState<E, EM, D> =
  // The upload hasnt begun yet
  | A
  // The upload timed out
  | B
  // Failed somewhere on the line
  | C
  // Uploading to aws3 and CreatePostMutation succeeded
  | D;

type window = Window & {
  __REDUX_DEVTOOLS_EXTENSION_COMPOSE__: Function;
};

================================================================================
`;

exports[`union-parens.ts 1`] = `
====================================options=====================================
parsers: ["typescript"]
printWidth: 80
                                                                                | printWidth
=====================================input======================================

export type A = (
  | aaaaaaaaaaaaaaaaaaaaaaaaaaaaaaaaaaaaaaaaaaa
  | bbbbbbbbbbbbbbbbbbbbbbbbbbbbbbbbbbbbbbbbbbb
);

export type B = (
  aaaaaaaaaaaaaaaaaaaaaaaaaaaaaaaaaaaaaaaaaaa |
  bbbbbbbbbbbbbbbbbbbbbbbbbbbbbbbbbbbbbbbbbbb
);

export type C =
  | aaaaaaaaaaaaaaaaaaaaaaaaaaaaaaaaaaaaaaaaaaa
  | bbbbbbbbbbbbbbbbbbbbbbbbbbbbbbbbbbbbbbbbbbb;

export type D =
  aaaaaaaaaaaaaaaaaaaaaaaaaaaaaaaaaaaaaaaaaaa |
  bbbbbbbbbbbbbbbbbbbbbbbbbbbbbbbbbbbbbbbbbbb;

export type Multi = (string | number)[];

function f(): (string | number) {}

var x: (string | number);
var y: ((string | number));

class Foo<T extends (string | number)> {}

interface Interface {
    i: (X | Y) & Z;
    j: Partial<(X | Y)>;
}

type State = {
  sharedProperty: any;
} & (
  | { discriminant: "FOO"; foo: any }
  | { discriminant: "BAR"; bar: any }
  | { discriminant: "BAZ"; baz: any } 
);

=====================================output=====================================
export type A =
  | aaaaaaaaaaaaaaaaaaaaaaaaaaaaaaaaaaaaaaaaaaa
  | bbbbbbbbbbbbbbbbbbbbbbbbbbbbbbbbbbbbbbbbbbb;

export type B =
  | aaaaaaaaaaaaaaaaaaaaaaaaaaaaaaaaaaaaaaaaaaa
  | bbbbbbbbbbbbbbbbbbbbbbbbbbbbbbbbbbbbbbbbbbb;

export type C =
  | aaaaaaaaaaaaaaaaaaaaaaaaaaaaaaaaaaaaaaaaaaa
  | bbbbbbbbbbbbbbbbbbbbbbbbbbbbbbbbbbbbbbbbbbb;

export type D =
  | aaaaaaaaaaaaaaaaaaaaaaaaaaaaaaaaaaaaaaaaaaa
  | bbbbbbbbbbbbbbbbbbbbbbbbbbbbbbbbbbbbbbbbbbb;

export type Multi = (string | number)[];

function f(): string | number {}

var x: string | number;
var y: string | number;

class Foo<T extends string | number> {}

interface Interface {
  i: (X | Y) & Z;
  j: Partial<X | Y>;
}

type State = {
  sharedProperty: any;
} & (
  | { discriminant: "FOO"; foo: any }
  | { discriminant: "BAR"; bar: any }
  | { discriminant: "BAZ"; baz: any });

================================================================================
`;

exports[`with-type-params.ts 1`] = `
====================================options=====================================
parsers: ["typescript"]
printWidth: 80
                                                                                | printWidth
=====================================input======================================
type GetChatsSagaEffects =
  | CallEffect
  | PutEffect<
      | GetUsersRequestedAction
      | GetChatsSucceededAction
      | GetChatsFailedAction
      | GetChatsStartedAction
    >
  | SelectEffect

=====================================output=====================================
type GetChatsSagaEffects =
  | CallEffect
  | PutEffect<
      | GetUsersRequestedAction
      | GetChatsSucceededAction
      | GetChatsFailedAction
      | GetChatsStartedAction
    >
  | SelectEffect;

================================================================================
`;
