// Jest Snapshot v1, https://goo.gl/fbAQLP

exports[`proto_props.js 1`] = `
====================================options=====================================
parsers: ["flow"]
printWidth: 80
                                                                                | printWidth
=====================================input======================================
declare class A { proto: T; }
declare class B { proto x: T; }
declare class C { proto +x: T; }

=====================================output=====================================
declare class A {
  proto: T;
}
declare class B {
  proto x: T;
}
declare class C {
  proto +x: T;
}

================================================================================
`;
