// Jest Snapshot v1, https://goo.gl/fbAQLP

exports[`type_error.js 1`] = `
====================================options=====================================
parsers: ["flow"]
printWidth: 80
                                                                                | printWidth
=====================================input======================================
// @flow
declare function foo(x: number): Array;

=====================================output=====================================
// @flow
declare function foo(x: number): Array;

================================================================================
`;
