// Jest Snapshot v1, https://goo.gl/fbAQLP

exports[`trailing.js format 1`] = `
====================================options=====================================
parsers: ["babel", "flow", "typescript"]
printWidth: 80
                                                                                | printWidth
=====================================input======================================
export type Result<T, V> = | { kind: "not-test-editor1" } | { kind: "not-test-editor2" };

// Note: there are trailing whitespace in this file
\`
   
   
\` + \`
    
    
\`;

=====================================output=====================================
export type Result<T, V> =
  | { kind: "not-test-editor1" }
  | { kind: "not-test-editor2" };

// Note: there are trailing whitespace in this file
\`
   
   
\` +
  \`
    
    
\`;

================================================================================
`;
