// Jest Snapshot v1, https://goo.gl/fbAQLP

exports[`do.js 1`] = `
====================================options=====================================
parsers: ["babel"]
printWidth: 80
                                                                                | printWidth
=====================================input======================================
const envSpecific = {
  domain:
    do {
      if(env === 'production') 'https://abc.mno.com/';
      else if(env === 'development') 'http://localhost:4000';
    }
};

let x = do {
  let tmp = f();
  tmp * tmp + 1
};

let x = do {
  if (foo()) { f() }
  else if (bar()) { g() }
  else { h() }
};

function foo() {
  return (
    <nav>
      <Home />
      {
        do {
          if (loggedIn) {
            <LogoutButton />
          } else {
            <LoginButton />
          }
        }
      }
    </nav>
  );
}

(do {});
(do {} + 1);
(1 + do {});
() => do {};

(do {
  switch(0) {
    case 0: "foo";
    case 1: break;
  }
});

() => do {
  var obj = { foo: "bar", bar: "foo" };
  for (var key in obj) {
    obj[key];
  }
};

=====================================output=====================================
const envSpecific = {
  domain: do {
    if (env === "production") "https://abc.mno.com/";
    else if (env === "development") "http://localhost:4000";
  }
};

let x = do {
  let tmp = f();
  tmp * tmp + 1;
};

let x = do {
  if (foo()) {
    f();
  } else if (bar()) {
    g();
  } else {
    h();
  }
};

function foo() {
  return (
    <nav>
      <Home />
      {do {
        if (loggedIn) {
          <LogoutButton />;
        } else {
          <LoginButton />;
        }
      }}
    </nav>
  );
}

(do {});
(do {} + 1);
1 + do {};
() => do {};

(do {
  switch (0) {
    case 0:
      "foo";
    case 1:
      break;
  }
});

() => do {
  var obj = { foo: "bar", bar: "foo" };
  for (var key in obj) {
    obj[key];
  }
};

================================================================================
`;
