// Jest Snapshot v1, https://goo.gl/fbAQLP

exports[`Module2.ios.js 1`] = `
====================================options=====================================
parsers: ["flow"]
printWidth: 80
                                                                                | printWidth
=====================================input======================================
/* @flow */

require('test2');

=====================================output=====================================
/* @flow */

require("test2");

================================================================================
`;
