// Jest Snapshot v1, https://goo.gl/fbAQLP

exports[`function_expression.js format 1`] = `
====================================options=====================================
parsers: ["babel", "flow", "typescript"]
printWidth: 80
                                                                                | printWidth
=====================================input======================================
(function() {}).length
typeof (function() {});
export default (function() {})();
(function() {})()\`\`;
(function() {})\`\`;
new (function() {});
(function() {});
a = function f() {} || b;
(function() {} && a);
a + function() {};
new function() {};

=====================================output=====================================
(function () {}.length);
typeof function () {};
export default (function () {})();
(function () {})()\`\`;
(function () {})\`\`;
new (function () {})();
(function () {});
a = function f() {} || b;
(function () {} && a);
a + function () {};
new (function () {})();

================================================================================
`;
